// Jest Snapshot v1, https://goo.gl/fbAQLP

exports[`<DeployKeyForm /> spec renders the DeployKeyForm 1`] = `
Object {
  "asFragment": [Function],
  "baseElement": <body>
    <div>
      <form>
        <div
          class="MuiFormControl-root MuiFormControl-fullWidth css-1dy8wvs-MuiFormControl-root"
        >
          <label
            class="MuiFormLabel-root MuiInputLabel-root MuiInputLabel-formControl MuiInputLabel-animated MuiInputLabel-shrink MuiInputLabel-sizeMedium MuiInputLabel-outlined MuiFormLabel-colorPrimary MuiFormLabel-filled MuiInputLabel-root MuiInputLabel-formControl MuiInputLabel-animated MuiInputLabel-shrink MuiInputLabel-sizeMedium MuiInputLabel-outlined css-1jy569b-MuiFormLabel-root-MuiInputLabel-root"
            data-shrink="true"
            id="tapir-source-type-select-label"
          >
            Type
          </label>
          <div
            class="MuiInputBase-root MuiOutlinedInput-root MuiInputBase-colorPrimary MuiInputBase-formControl  css-1yk1gt9-MuiInputBase-root-MuiOutlinedInput-root-MuiSelect-root"
          >
            <div
              aria-controls=":r0:"
              aria-expanded="false"
              aria-haspopup="listbox"
              aria-labelledby="tapir-source-type-select-label tapir-source-type-select"
              class="MuiSelect-select MuiSelect-outlined MuiInputBase-input MuiOutlinedInput-input css-11u53oe-MuiSelect-select-MuiInputBase-input-MuiOutlinedInput-input"
              id="tapir-source-type-select"
              role="combobox"
              tabindex="0"
            >
              Module
            </div>
            <input
              aria-hidden="true"
              aria-invalid="false"
              class="MuiSelect-nativeInput css-yf8vq0-MuiSelect-nativeInput"
              tabindex="-1"
              value="module"
            />
            <svg
              aria-hidden="true"
              class="MuiSvgIcon-root MuiSvgIcon-fontSizeMedium MuiSelect-icon MuiSelect-iconOutlined css-hfutr2-MuiSvgIcon-root-MuiSelect-icon"
              data-testid="ArrowDropDownIcon"
              focusable="false"
              viewBox="0 0 24 24"
            >
              <path
                d="M7 10l5 5 5-5z"
              />
            </svg>
            <fieldset
              aria-hidden="true"
              class="MuiOutlinedInput-notchedOutline css-1d3z3hw-MuiOutlinedInput-notchedOutline"
            >
              <legend
                class="css-14lo706"
              >
                <span>
                  Type
                </span>
              </legend>
            </fieldset>
          </div>
        </div>
        <div
          class="MuiFormControl-root MuiFormControl-fullWidth MuiTextField-root css-15md48e-MuiFormControl-root-MuiTextField-root"
        >
          <label
            class="MuiFormLabel-root MuiInputLabel-root MuiInputLabel-formControl MuiInputLabel-animated MuiInputLabel-sizeMedium MuiInputLabel-outlined MuiFormLabel-colorSecondary Mui-required MuiInputLabel-root MuiInputLabel-formControl MuiInputLabel-animated MuiInputLabel-sizeMedium MuiInputLabel-outlined css-1v4qvbo-MuiFormLabel-root-MuiInputLabel-root"
            data-shrink="false"
            for=":r1:"
            id=":r1:-label"
          >
            Source Repository URL
            <span
              aria-hidden="true"
              class="MuiFormLabel-asterisk MuiInputLabel-asterisk css-wgai2y-MuiFormLabel-asterisk"
            >
               
              *
            </span>
          </label>
          <div
            class="MuiInputBase-root MuiOutlinedInput-root MuiInputBase-colorSecondary MuiInputBase-fullWidth MuiInputBase-formControl css-1j0w0ul-MuiInputBase-root-MuiOutlinedInput-root"
          >
            <input
              aria-invalid="false"
              class="MuiInputBase-input MuiOutlinedInput-input css-1t8l2tu-MuiInputBase-input-MuiOutlinedInput-input"
              id=":r1:"
              required=""
              type="url"
              value=""
            />
            <fieldset
              aria-hidden="true"
              class="MuiOutlinedInput-notchedOutline css-1d3z3hw-MuiOutlinedInput-notchedOutline"
            >
              <legend
                class="css-yjsfm1"
              >
                <span>
                  Source Repository URL
                   
                  *
                </span>
              </legend>
            </fieldset>
          </div>
        </div>
        <div
          class="MuiFormControl-root MuiFormControl-fullWidth MuiTextField-root css-15md48e-MuiFormControl-root-MuiTextField-root"
        >
          <label
            class="MuiFormLabel-root MuiInputLabel-root MuiInputLabel-formControl MuiInputLabel-animated MuiInputLabel-sizeMedium MuiInputLabel-outlined MuiFormLabel-colorSecondary Mui-required MuiInputLabel-root MuiInputLabel-formControl MuiInputLabel-animated MuiInputLabel-sizeMedium MuiInputLabel-outlined css-1v4qvbo-MuiFormLabel-root-MuiInputLabel-root"
            data-shrink="false"
            for=":r2:"
            id=":r2:-label"
          >
            Namespace
            <span
              aria-hidden="true"
              class="MuiFormLabel-asterisk MuiInputLabel-asterisk css-wgai2y-MuiFormLabel-asterisk"
            >
               
              *
            </span>
          </label>
          <div
            class="MuiInputBase-root MuiOutlinedInput-root MuiInputBase-colorSecondary MuiInputBase-fullWidth MuiInputBase-formControl css-1j0w0ul-MuiInputBase-root-MuiOutlinedInput-root"
          >
            <input
              aria-invalid="false"
              class="MuiInputBase-input MuiOutlinedInput-input css-1t8l2tu-MuiInputBase-input-MuiOutlinedInput-input"
              id=":r2:"
              required=""
              type="text"
              value=""
            />
            <fieldset
              aria-hidden="true"
              class="MuiOutlinedInput-notchedOutline css-1d3z3hw-MuiOutlinedInput-notchedOutline"
            >
              <legend
                class="css-yjsfm1"
              >
                <span>
                  Namespace
                   
                  *
                </span>
              </legend>
            </fieldset>
          </div>
        </div>
        <div
          class="MuiFormControl-root MuiFormControl-fullWidth MuiTextField-root css-15md48e-MuiFormControl-root-MuiTextField-root"
        >
          <label
            class="MuiFormLabel-root MuiInputLabel-root MuiInputLabel-formControl MuiInputLabel-animated MuiInputLabel-sizeMedium MuiInputLabel-outlined MuiFormLabel-colorSecondary Mui-required MuiInputLabel-root MuiInputLabel-formControl MuiInputLabel-animated MuiInputLabel-sizeMedium MuiInputLabel-outlined css-1v4qvbo-MuiFormLabel-root-MuiInputLabel-root"
            data-shrink="false"
            for=":r3:"
            id=":r3:-label"
          >
            Name
            <span
              aria-hidden="true"
              class="MuiFormLabel-asterisk MuiInputLabel-asterisk css-wgai2y-MuiFormLabel-asterisk"
            >
               
              *
            </span>
          </label>
          <div
            class="MuiInputBase-root MuiOutlinedInput-root MuiInputBase-colorSecondary MuiInputBase-fullWidth MuiInputBase-formControl css-1j0w0ul-MuiInputBase-root-MuiOutlinedInput-root"
          >
            <input
              aria-invalid="false"
              class="MuiInputBase-input MuiOutlinedInput-input css-1t8l2tu-MuiInputBase-input-MuiOutlinedInput-input"
              id=":r3:"
              required=""
              type="text"
              value=""
            />
            <fieldset
              aria-hidden="true"
              class="MuiOutlinedInput-notchedOutline css-1d3z3hw-MuiOutlinedInput-notchedOutline"
            >
              <legend
                class="css-yjsfm1"
              >
                <span>
                  Name
                   
                  *
                </span>
              </legend>
            </fieldset>
          </div>
        </div>
        <div
          class="MuiFormControl-root MuiFormControl-fullWidth MuiTextField-root css-15md48e-MuiFormControl-root-MuiTextField-root"
        >
          <label
            class="MuiFormLabel-root MuiInputLabel-root MuiInputLabel-formControl MuiInputLabel-animated MuiInputLabel-sizeMedium MuiInputLabel-outlined MuiFormLabel-colorSecondary Mui-required MuiInputLabel-root MuiInputLabel-formControl MuiInputLabel-animated MuiInputLabel-sizeMedium MuiInputLabel-outlined css-1v4qvbo-MuiFormLabel-root-MuiInputLabel-root"
            data-shrink="false"
            for=":r4:"
            id=":r4:-label"
          >
            Provider
            <span
              aria-hidden="true"
              class="MuiFormLabel-asterisk MuiInputLabel-asterisk css-wgai2y-MuiFormLabel-asterisk"
            >
               
              *
            </span>
          </label>
          <div
            class="MuiInputBase-root MuiOutlinedInput-root MuiInputBase-colorSecondary MuiInputBase-fullWidth MuiInputBase-formControl css-1j0w0ul-MuiInputBase-root-MuiOutlinedInput-root"
          >
            <input
              aria-invalid="false"
              class="MuiInputBase-input MuiOutlinedInput-input css-1t8l2tu-MuiInputBase-input-MuiOutlinedInput-input"
              id=":r4:"
              required=""
              type="text"
              value=""
            />
            <fieldset
              aria-hidden="true"
              class="MuiOutlinedInput-notchedOutline css-1d3z3hw-MuiOutlinedInput-notchedOutline"
            >
              <legend
                class="css-yjsfm1"
              >
                <span>
                  Provider
                   
                  *
                </span>
              </legend>
            </fieldset>
          </div>
        </div>
        <button
          class="MuiButtonBase-root MuiButton-root MuiButton-outlined MuiButton-outlinedSecondary MuiButton-sizeMedium MuiButton-outlinedSizeMedium MuiButton-colorSecondary MuiButton-root MuiButton-outlined MuiButton-outlinedSecondary MuiButton-sizeMedium MuiButton-outlinedSizeMedium MuiButton-colorSecondary css-1l9sosn-MuiButtonBase-root-MuiButton-root"
          tabindex="0"
          type="submit"
        >
          Create
          <span
            class="MuiTouchRipple-root css-8je8zh-MuiTouchRipple-root"
          />
        </button>
      </form>
    </div>
  </body>,
  "container": <div>
    <form>
      <div
        class="MuiFormControl-root MuiFormControl-fullWidth css-1dy8wvs-MuiFormControl-root"
      >
        <label
          class="MuiFormLabel-root MuiInputLabel-root MuiInputLabel-formControl MuiInputLabel-animated MuiInputLabel-shrink MuiInputLabel-sizeMedium MuiInputLabel-outlined MuiFormLabel-colorPrimary MuiFormLabel-filled MuiInputLabel-root MuiInputLabel-formControl MuiInputLabel-animated MuiInputLabel-shrink MuiInputLabel-sizeMedium MuiInputLabel-outlined css-1jy569b-MuiFormLabel-root-MuiInputLabel-root"
          data-shrink="true"
          id="tapir-source-type-select-label"
        >
          Type
        </label>
        <div
          class="MuiInputBase-root MuiOutlinedInput-root MuiInputBase-colorPrimary MuiInputBase-formControl  css-1yk1gt9-MuiInputBase-root-MuiOutlinedInput-root-MuiSelect-root"
        >
          <div
            aria-controls=":r0:"
            aria-expanded="false"
            aria-haspopup="listbox"
            aria-labelledby="tapir-source-type-select-label tapir-source-type-select"
            class="MuiSelect-select MuiSelect-outlined MuiInputBase-input MuiOutlinedInput-input css-11u53oe-MuiSelect-select-MuiInputBase-input-MuiOutlinedInput-input"
            id="tapir-source-type-select"
            role="combobox"
            tabindex="0"
          >
            Module
          </div>
          <input
            aria-hidden="true"
            aria-invalid="false"
            class="MuiSelect-nativeInput css-yf8vq0-MuiSelect-nativeInput"
            tabindex="-1"
            value="module"
          />
          <svg
            aria-hidden="true"
            class="MuiSvgIcon-root MuiSvgIcon-fontSizeMedium MuiSelect-icon MuiSelect-iconOutlined css-hfutr2-MuiSvgIcon-root-MuiSelect-icon"
            data-testid="ArrowDropDownIcon"
            focusable="false"
            viewBox="0 0 24 24"
          >
            <path
              d="M7 10l5 5 5-5z"
            />
          </svg>
          <fieldset
            aria-hidden="true"
            class="MuiOutlinedInput-notchedOutline css-1d3z3hw-MuiOutlinedInput-notchedOutline"
          >
            <legend
              class="css-14lo706"
            >
              <span>
                Type
              </span>
            </legend>
          </fieldset>
        </div>
      </div>
      <div
        class="MuiFormControl-root MuiFormControl-fullWidth MuiTextField-root css-15md48e-MuiFormControl-root-MuiTextField-root"
      >
        <label
          class="MuiFormLabel-root MuiInputLabel-root MuiInputLabel-formControl MuiInputLabel-animated MuiInputLabel-sizeMedium MuiInputLabel-outlined MuiFormLabel-colorSecondary Mui-required MuiInputLabel-root MuiInputLabel-formControl MuiInputLabel-animated MuiInputLabel-sizeMedium MuiInputLabel-outlined css-1v4qvbo-MuiFormLabel-root-MuiInputLabel-root"
          data-shrink="false"
          for=":r1:"
          id=":r1:-label"
        >
          Source Repository URL
          <span
            aria-hidden="true"
            class="MuiFormLabel-asterisk MuiInputLabel-asterisk css-wgai2y-MuiFormLabel-asterisk"
          >
             
            *
          </span>
        </label>
        <div
          class="MuiInputBase-root MuiOutlinedInput-root MuiInputBase-colorSecondary MuiInputBase-fullWidth MuiInputBase-formControl css-1j0w0ul-MuiInputBase-root-MuiOutlinedInput-root"
        >
          <input
            aria-invalid="false"
            class="MuiInputBase-input MuiOutlinedInput-input css-1t8l2tu-MuiInputBase-input-MuiOutlinedInput-input"
            id=":r1:"
            required=""
            type="url"
            value=""
          />
          <fieldset
            aria-hidden="true"
            class="MuiOutlinedInput-notchedOutline css-1d3z3hw-MuiOutlinedInput-notchedOutline"
          >
            <legend
              class="css-yjsfm1"
            >
              <span>
                Source Repository URL
                 
                *
              </span>
            </legend>
          </fieldset>
        </div>
      </div>
      <div
        class="MuiFormControl-root MuiFormControl-fullWidth MuiTextField-root css-15md48e-MuiFormControl-root-MuiTextField-root"
      >
        <label
          class="MuiFormLabel-root MuiInputLabel-root MuiInputLabel-formControl MuiInputLabel-animated MuiInputLabel-sizeMedium MuiInputLabel-outlined MuiFormLabel-colorSecondary Mui-required MuiInputLabel-root MuiInputLabel-formControl MuiInputLabel-animated MuiInputLabel-sizeMedium MuiInputLabel-outlined css-1v4qvbo-MuiFormLabel-root-MuiInputLabel-root"
          data-shrink="false"
          for=":r2:"
          id=":r2:-label"
        >
          Namespace
          <span
            aria-hidden="true"
            class="MuiFormLabel-asterisk MuiInputLabel-asterisk css-wgai2y-MuiFormLabel-asterisk"
          >
             
            *
          </span>
        </label>
        <div
          class="MuiInputBase-root MuiOutlinedInput-root MuiInputBase-colorSecondary MuiInputBase-fullWidth MuiInputBase-formControl css-1j0w0ul-MuiInputBase-root-MuiOutlinedInput-root"
        >
          <input
            aria-invalid="false"
            class="MuiInputBase-input MuiOutlinedInput-input css-1t8l2tu-MuiInputBase-input-MuiOutlinedInput-input"
            id=":r2:"
            required=""
            type="text"
            value=""
          />
          <fieldset
            aria-hidden="true"
            class="MuiOutlinedInput-notchedOutline css-1d3z3hw-MuiOutlinedInput-notchedOutline"
          >
            <legend
              class="css-yjsfm1"
            >
              <span>
                Namespace
                 
                *
              </span>
            </legend>
          </fieldset>
        </div>
      </div>
      <div
        class="MuiFormControl-root MuiFormControl-fullWidth MuiTextField-root css-15md48e-MuiFormControl-root-MuiTextField-root"
      >
        <label
          class="MuiFormLabel-root MuiInputLabel-root MuiInputLabel-formControl MuiInputLabel-animated MuiInputLabel-sizeMedium MuiInputLabel-outlined MuiFormLabel-colorSecondary Mui-required MuiInputLabel-root MuiInputLabel-formControl MuiInputLabel-animated MuiInputLabel-sizeMedium MuiInputLabel-outlined css-1v4qvbo-MuiFormLabel-root-MuiInputLabel-root"
          data-shrink="false"
          for=":r3:"
          id=":r3:-label"
        >
          Name
          <span
            aria-hidden="true"
            class="MuiFormLabel-asterisk MuiInputLabel-asterisk css-wgai2y-MuiFormLabel-asterisk"
          >
             
            *
          </span>
        </label>
        <div
          class="MuiInputBase-root MuiOutlinedInput-root MuiInputBase-colorSecondary MuiInputBase-fullWidth MuiInputBase-formControl css-1j0w0ul-MuiInputBase-root-MuiOutlinedInput-root"
        >
          <input
            aria-invalid="false"
            class="MuiInputBase-input MuiOutlinedInput-input css-1t8l2tu-MuiInputBase-input-MuiOutlinedInput-input"
            id=":r3:"
            required=""
            type="text"
            value=""
          />
          <fieldset
            aria-hidden="true"
            class="MuiOutlinedInput-notchedOutline css-1d3z3hw-MuiOutlinedInput-notchedOutline"
          >
            <legend
              class="css-yjsfm1"
            >
              <span>
                Name
                 
                *
              </span>
            </legend>
          </fieldset>
        </div>
      </div>
      <div
        class="MuiFormControl-root MuiFormControl-fullWidth MuiTextField-root css-15md48e-MuiFormControl-root-MuiTextField-root"
      >
        <label
          class="MuiFormLabel-root MuiInputLabel-root MuiInputLabel-formControl MuiInputLabel-animated MuiInputLabel-sizeMedium MuiInputLabel-outlined MuiFormLabel-colorSecondary Mui-required MuiInputLabel-root MuiInputLabel-formControl MuiInputLabel-animated MuiInputLabel-sizeMedium MuiInputLabel-outlined css-1v4qvbo-MuiFormLabel-root-MuiInputLabel-root"
          data-shrink="false"
          for=":r4:"
          id=":r4:-label"
        >
          Provider
          <span
            aria-hidden="true"
            class="MuiFormLabel-asterisk MuiInputLabel-asterisk css-wgai2y-MuiFormLabel-asterisk"
          >
             
            *
          </span>
        </label>
        <div
          class="MuiInputBase-root MuiOutlinedInput-root MuiInputBase-colorSecondary MuiInputBase-fullWidth MuiInputBase-formControl css-1j0w0ul-MuiInputBase-root-MuiOutlinedInput-root"
        >
          <input
            aria-invalid="false"
            class="MuiInputBase-input MuiOutlinedInput-input css-1t8l2tu-MuiInputBase-input-MuiOutlinedInput-input"
            id=":r4:"
            required=""
            type="text"
            value=""
          />
          <fieldset
            aria-hidden="true"
            class="MuiOutlinedInput-notchedOutline css-1d3z3hw-MuiOutlinedInput-notchedOutline"
          >
            <legend
              class="css-yjsfm1"
            >
              <span>
                Provider
                 
                *
              </span>
            </legend>
          </fieldset>
        </div>
      </div>
      <button
        class="MuiButtonBase-root MuiButton-root MuiButton-outlined MuiButton-outlinedSecondary MuiButton-sizeMedium MuiButton-outlinedSizeMedium MuiButton-colorSecondary MuiButton-root MuiButton-outlined MuiButton-outlinedSecondary MuiButton-sizeMedium MuiButton-outlinedSizeMedium MuiButton-colorSecondary css-1l9sosn-MuiButtonBase-root-MuiButton-root"
        tabindex="0"
        type="submit"
      >
        Create
        <span
          class="MuiTouchRipple-root css-8je8zh-MuiTouchRipple-root"
        />
      </button>
    </form>
  </div>,
  "debug": [Function],
  "findAllByAltText": [Function],
  "findAllByDisplayValue": [Function],
  "findAllByLabelText": [Function],
  "findAllByPlaceholderText": [Function],
  "findAllByRole": [Function],
  "findAllByTestId": [Function],
  "findAllByText": [Function],
  "findAllByTitle": [Function],
  "findByAltText": [Function],
  "findByDisplayValue": [Function],
  "findByLabelText": [Function],
  "findByPlaceholderText": [Function],
  "findByRole": [Function],
  "findByTestId": [Function],
  "findByText": [Function],
  "findByTitle": [Function],
  "getAllByAltText": [Function],
  "getAllByDisplayValue": [Function],
  "getAllByLabelText": [Function],
  "getAllByPlaceholderText": [Function],
  "getAllByRole": [Function],
  "getAllByTestId": [Function],
  "getAllByText": [Function],
  "getAllByTitle": [Function],
  "getByAltText": [Function],
  "getByDisplayValue": [Function],
  "getByLabelText": [Function],
  "getByPlaceholderText": [Function],
  "getByRole": [Function],
  "getByTestId": [Function],
  "getByText": [Function],
  "getByTitle": [Function],
  "queryAllByAltText": [Function],
  "queryAllByDisplayValue": [Function],
  "queryAllByLabelText": [Function],
  "queryAllByPlaceholderText": [Function],
  "queryAllByRole": [Function],
  "queryAllByTestId": [Function],
  "queryAllByText": [Function],
  "queryAllByTitle": [Function],
  "queryByAltText": [Function],
  "queryByDisplayValue": [Function],
  "queryByLabelText": [Function],
  "queryByPlaceholderText": [Function],
  "queryByRole": [Function],
  "queryByTestId": [Function],
  "queryByText": [Function],
  "queryByTitle": [Function],
  "rerender": [Function],
  "unmount": [Function],
}
`;
