// Jest Snapshot v1, https://goo.gl/fbAQLP

exports[`<ModuleResources /> spec renders the ModuleResources 1`] = `
Object {
  "asFragment": [Function],
  "baseElement": <body>
    <div>
      <h4
        class="MuiTypography-root MuiTypography-h4 css-5lbw0b-MuiTypography-root"
      >
        Resources
      </h4>
      <div
        class="MuiStack-root css-c08hs3-MuiStack-root"
      >
        <p
          class="MuiTypography-root MuiTypography-body1 css-tialbm-MuiTypography-root"
        >
          This is the list of resources that the module may create. The module can create zero or more of each of these resources depending on the count value. The count value is determined at runtime. The goal of this page is to present the types of resources that may be created.
        </p>
        <p
          class="MuiTypography-root MuiTypography-body1 css-bbf04n-MuiTypography-root"
        >
          This list contains all the resources this plus any submodules may create. When using this module, it may create fewer resources if you use a submodule.
        </p>
        <p
          class="MuiTypography-root MuiTypography-body1 css-ahj2mt-MuiTypography-root"
        >
          This module defines 
          <strong>
            1
          </strong>
           resources.
        </p>
        <ul>
          <div
            class="MuiBox-root css-0"
          >
            <li>
              <div
                class="MuiChip-root MuiChip-outlined MuiChip-sizeMedium MuiChip-colorDefault MuiChip-outlinedDefault css-16m7pga-MuiChip-root"
              >
                <span
                  class="MuiChip-label MuiChip-labelMedium css-6od3lo-MuiChip-label"
                >
                  ecr_lifecycle_policy.this
                </span>
              </div>
            </li>
          </div>
        </ul>
      </div>
    </div>
  </body>,
  "container": <div>
    <h4
      class="MuiTypography-root MuiTypography-h4 css-5lbw0b-MuiTypography-root"
    >
      Resources
    </h4>
    <div
      class="MuiStack-root css-c08hs3-MuiStack-root"
    >
      <p
        class="MuiTypography-root MuiTypography-body1 css-tialbm-MuiTypography-root"
      >
        This is the list of resources that the module may create. The module can create zero or more of each of these resources depending on the count value. The count value is determined at runtime. The goal of this page is to present the types of resources that may be created.
      </p>
      <p
        class="MuiTypography-root MuiTypography-body1 css-bbf04n-MuiTypography-root"
      >
        This list contains all the resources this plus any submodules may create. When using this module, it may create fewer resources if you use a submodule.
      </p>
      <p
        class="MuiTypography-root MuiTypography-body1 css-ahj2mt-MuiTypography-root"
      >
        This module defines 
        <strong>
          1
        </strong>
         resources.
      </p>
      <ul>
        <div
          class="MuiBox-root css-0"
        >
          <li>
            <div
              class="MuiChip-root MuiChip-outlined MuiChip-sizeMedium MuiChip-colorDefault MuiChip-outlinedDefault css-16m7pga-MuiChip-root"
            >
              <span
                class="MuiChip-label MuiChip-labelMedium css-6od3lo-MuiChip-label"
              >
                ecr_lifecycle_policy.this
              </span>
            </div>
          </li>
        </div>
      </ul>
    </div>
  </div>,
  "debug": [Function],
  "findAllByAltText": [Function],
  "findAllByDisplayValue": [Function],
  "findAllByLabelText": [Function],
  "findAllByPlaceholderText": [Function],
  "findAllByRole": [Function],
  "findAllByTestId": [Function],
  "findAllByText": [Function],
  "findAllByTitle": [Function],
  "findByAltText": [Function],
  "findByDisplayValue": [Function],
  "findByLabelText": [Function],
  "findByPlaceholderText": [Function],
  "findByRole": [Function],
  "findByTestId": [Function],
  "findByText": [Function],
  "findByTitle": [Function],
  "getAllByAltText": [Function],
  "getAllByDisplayValue": [Function],
  "getAllByLabelText": [Function],
  "getAllByPlaceholderText": [Function],
  "getAllByRole": [Function],
  "getAllByTestId": [Function],
  "getAllByText": [Function],
  "getAllByTitle": [Function],
  "getByAltText": [Function],
  "getByDisplayValue": [Function],
  "getByLabelText": [Function],
  "getByPlaceholderText": [Function],
  "getByRole": [Function],
  "getByTestId": [Function],
  "getByText": [Function],
  "getByTitle": [Function],
  "queryAllByAltText": [Function],
  "queryAllByDisplayValue": [Function],
  "queryAllByLabelText": [Function],
  "queryAllByPlaceholderText": [Function],
  "queryAllByRole": [Function],
  "queryAllByTestId": [Function],
  "queryAllByText": [Function],
  "queryAllByTitle": [Function],
  "queryByAltText": [Function],
  "queryByDisplayValue": [Function],
  "queryByLabelText": [Function],
  "queryByPlaceholderText": [Function],
  "queryByRole": [Function],
  "queryByTestId": [Function],
  "queryByText": [Function],
  "queryByTitle": [Function],
  "rerender": [Function],
  "unmount": [Function],
}
`;
